[p.w3layouts.com/demos/june-2016/01-06-2016/movie_ticket_booking_widget/web/index.html]
[backblue.gif]
[fade.gif]
[index.html]
[p.w3layouts.com/demos/june-2016/01-06-2016/movie_ticket_booking_widget/web/css/style.css]
[p.w3layouts.com/demos/june-2016/01-06-2016/movie_ticket_booking_widget/web/js/jquery-1.11.0.min.js]
[ajax.googleapis.com/ajax/libs/jquery/1.10.2/jquery.min.js]
[p.w3layouts.com/demos/june-2016/01-06-2016/movie_ticket_booking_widget/web/js/jquery.seat-charts.js]
[vdo.ai/core/w3layouts/vdo.ai.js]
[www.google-analytics.com/analytics.js]
[m.servedby-buysellads.com/monetization.js]
[p.w3layouts.com/demos/june-2016/01-06-2016/movie_ticket_booking_widget/web/js/jquery.nicescroll.js]
[p.w3layouts.com/demos/june-2016/01-06-2016/movie_ticket_booking_widget/web/index.html]
[p.w3layouts.com/demos/june-2016/01-06-2016/movie_ticket_booking_widget/web/js/scripts.js]
[p.w3layouts.com/demos/june-2016/01-06-2016/movie_ticket_booking_widget/web/images/banner2.jpg]
[p.w3layouts.com/demos/june-2016/01-06-2016/movie_ticket_booking_widget/web/css/style.css]
